a8 10f 6d 6d 2a
173 323